(---------------------------------------------------------------------)
(                                                                     )
(    NC DRILL Log                                                     )
(                                                                     )
(    Drawing          : stspin32g4_foc.brd                            )
(    Software Version : 17.4S039                                      )
(    Date/Time        : Sat Nov  8 15:01:21 2025                      )
(                                                                     )
(---------------------------------------------------------------------)



 Processing NC Parameters file 'nc_param.txt' ...

 NC PARAMETERS
 -------------

 FORMAT   		5.5
 MACHINE-OFFSET		x:0.00000	y:0.00000   (mm)
 FEEDRATE		1
 COORDINATES		ABSOLUTE
 OUTPUT-UNITS		METRIC
 TOOL-ORDER		INCREASING
 REPEAT-CODES		YES
 SUPPRESS-LEAD-ZEROES	YES
 SUPPRESS-TRAIL-ZEROES	NO
 SUPPRESS-EQUAL		NO
 TOOL-SELECT		NO
 HEADER			none
 LEADER			12
 CODE			ASCII
 SEPARATE		NO
 SEPARATE-ROUTING	NO
 OPTIMIZE_DRILLING	NO
 ENHANCED_EXCELLON	YES
 SCALE			1.000000



 Drill files being output to directory 'd:/project/07_foc/foc/circuit/candence/stm32' ...



     'stspin32g4_foc-1-4.drl' created for holes connecting TOP and BOTTOM
     --------------------------------------------------------------------

           Num     Size      +/- Tolerance     Plating   Quantity

            1.   0.3000    0.0000/  0.0000      PLATED        224
            2.   0.5080    0.0000/  0.0000      PLATED          4

     ---- Total holes:                                        228

     ---- Total head travel:              2.97 feet (0.90 meters)

