(---------------------------------------------------------------------)
(                                                                     )
(    Allegro Netrev Import Logic                                      )
(                                                                     )
(    Drawing          : stspin32g4_foc.brd                            )
(    Software Version : 17.4S039                                      )
(    Date/Time        : Thu Dec 11 20:57:23 2025                      )
(                                                                     )
(---------------------------------------------------------------------)


------ Directives ------------

Ripup etch:                  No
Ripup delete first segment:  No
Ripup retain bondwire:       No
Ripup symbols:               Always
Missing symbol has error:    No
DRC update:                  Yes
Schematic directory:         'd:\project\07_foc\foc\circuit\candence\stm32\allegro'
Design Directory:            'd:/project/07_foc/foc/circuit/candence/stm32'
Old design name:             'D:/PROJECT/07_FOC/FOC/CIRCUIT/CANDENCE/STM32/stspin32g4_foc.brd'
New design name:             'D:/PROJECT/07_FOC/FOC/CIRCUIT/CANDENCE/STM32/stspin32g4_foc.brd'

CmdLine: netrev -y 1 -i d:\project\07_foc\foc\circuit\candence\stm32\allegro -q netrev_constraint_report.xml d:/project/07_foc/foc/circuit/candence/stm32/#Taaaace20232.tmp

------ Preparing to read pst files ------

Starting to read d:/project/07_foc/foc/circuit/candence/stm32/allegro/pstchip.dat 
   Finished reading d:/project/07_foc/foc/circuit/candence/stm32/allegro/pstchip.dat (00:00:00.01)
Starting to read d:/project/07_foc/foc/circuit/candence/stm32/allegro/pstxprt.dat 
   Finished reading d:/project/07_foc/foc/circuit/candence/stm32/allegro/pstxprt.dat (00:00:00.00)
Starting to read d:/project/07_foc/foc/circuit/candence/stm32/allegro/pstxnet.dat 
   Finished reading d:/project/07_foc/foc/circuit/candence/stm32/allegro/pstxnet.dat (00:00:00.00)

------ Oversights/Warnings/Errors ------


------ Library Paths ------
MODULEPATH =  . 
           d:/cadence/spb_17.4/share/local/pcb/modules 

PSMPATH =  . 
           symbols 
           .. 
           ../symbols 
           d:/cadence/spb_17.4/share/local/pcb/symbols 
           d:/cadence/spb_17.4/share/pcb/pcb_lib/symbols 
           d:/cadence/spb_17.4/share/pcb/allegrolib/symbols 
           D:/project/MYLIB/footprint 
           D:/project/MYLIB/Allegro LIB/dra 

PADPATH =  . 
           symbols 
           .. 
           ../symbols 
           d:/cadence/spb_17.4/share/local/pcb/padstacks 
           d:/cadence/spb_17.4/share/pcb/pcb_lib/symbols 
           d:/cadence/spb_17.4/share/pcb/allegrolib/symbols 
           D:/project/MYLIB/Allegro LIB/pad 
           D:/project/MYLIB/pad 


------ Summary Statistics ------


netrev run on Dec 11 20:57:23 2025
   DESIGN NAME : 'STSPIN32G4_FOC'
   PACKAGING ON Nov  3 2023 23:54:18

   COMPILE 'logic'
   CHECK_PIN_NAMES OFF
   CROSS_REFERENCE OFF
   FEEDBACK OFF
   INCREMENTAL OFF
   INTERFACE_TYPE PHYSICAL
   MAX_ERRORS 500
   MERGE_MINIMUM 5
   NET_NAME_CHARS '#%&()*+-./:=>?@[]^_`|'
   NET_NAME_LENGTH 24
   OVERSIGHTS ON
   REPLACE_CHECK OFF
   SINGLE_NODE_NETS ON
   SPLIT_MINIMUM 0
   SUPPRESS   20
   WARNINGS ON

 No error detected
 No oversight detected
 No warning detected

cpu time      0:00:43
elapsed time  0:00:00

