Thu Dec 11 18:03:24 2025				Page     1


 
Update Symbols/Modules Logfile
	Thu Dec 11 18:03:24 2025

------ Module Refresh Messages ------

SUMMARY:    Updated 0 out of 0 modules

------ End Module Messages     ------



(---------------------------------------------------------------------)
(                                                                     )
(    Refresh Symbol                                                   )
(                                                                     )
(    Drawing          : stspin32g4_foc.brd                            )
(    Software Version : 17.4S039                                      )
(    Date/Time        : Thu Dec 11 18:03:24 2025                      )
(                                                                     )
(---------------------------------------------------------------------)


Thu Dec 11 18:03:24 2025				Page     1


------ Symbol Refresh Directives ------

Input design  = 'd:/project/07_foc/foc/circuit/candence/stm32/stspin32g4_foc.brd'
Output design = ''

Update mechanical symbols              = 'NO'
Update format symbols                  = 'NO'
Update package symbols                 = 'NO'
Update shape/flash symbols             = 'NO'
Update symbol padstacks                = 'NO'
Preserve padstacks replaced on pins    = 'NO'
Reset symbol text and size locations   = 'NO'
Reset Pin Escapes (fanouts)            = 'NO'
Ripup Etch                             = 'NO'
Reset custom drill data                = 'NO'
Symbol list file                       = 'C:/Users/SXF-Admin/AppData/Local/Temp/#Taaaaaq33600.tmp'


------ Library Paths ------
PSMPATH =  . 
           symbols 
           .. 
           ../symbols 
           D:/Cadence/SPB_17.4/share/local/pcb/symbols 
           D:/Cadence/SPB_17.4/share/pcb/pcb_lib/symbols 
           D:/Cadence/SPB_17.4/share/pcb/allegrolib/symbols 
           D:/project/MYLIB/footprint 
           D:/project/MYLIB/Allegro LIB/dra 

PADPATH =  . 
           symbols 
           .. 
           ../symbols 
           D:/Cadence/SPB_17.4/share/local/pcb/padstacks 
           D:/Cadence/SPB_17.4/share/pcb/pcb_lib/symbols 
           D:/Cadence/SPB_17.4/share/pcb/allegrolib/symbols 
           D:/project/MYLIB/Allegro LIB/pad 
           D:/project/MYLIB/pad 


------ Symbol Refresh Messages ------

'SMD-4P'  symbol refreshed successfully.


------ Updating padstacks referring to the refreshed shapes and flash symbols.  ------



----- Symbol Update Summary ----

Updated symbols: 1 out 1
    Design updated.

